Archive member included to satisfy reference by file (symbol)

d:/riscv-none-embed/bin/../lib/gcc/riscv-none-embed/8.2.0/rv32im/ilp32\libgcc.a(_udivdi3.o)
                              C:\Users\KTD\AppData\Local\Temp\cctqnNB0.o (__udivdi3)
d:/riscv-none-embed/bin/../lib/gcc/riscv-none-embed/8.2.0/rv32im/ilp32\libgcc.a(_clz.o)
                              d:/riscv-none-embed/bin/../lib/gcc/riscv-none-embed/8.2.0/rv32im/ilp32\libgcc.a(_udivdi3.o) (__clz_tab)

Allocating common symbols
Common symbol       size              file

C1                  0xe10             C:\Users\KTD\AppData\Local\Temp\cctqnNB0.o
trace               0x100             C:\Users\KTD\AppData\Local\Temp\cctqnNB0.o
prime_table         0x2ef4            C:\Users\KTD\AppData\Local\Temp\cctqnNB0.o
A                   0xe10             C:\Users\KTD\AppData\Local\Temp\cctqnNB0.o
arr1                0xfa0             C:\Users\KTD\AppData\Local\Temp\cctqnNB0.o
B                   0xe10             C:\Users\KTD\AppData\Local\Temp\cctqnNB0.o
C2                  0xe10             C:\Users\KTD\AppData\Local\Temp\cctqnNB0.o
crc_buffer          0x800             C:\Users\KTD\AppData\Local\Temp\cctqnNB0.o
arr2                0xfa0             C:\Users\KTD\AppData\Local\Temp\cctqnNB0.o

Discarded input sections

 .text          0x0000000000000000        0x0 C:\Users\KTD\AppData\Local\Temp\ccGDdTDG.o
 .data          0x0000000000000000        0x0 C:\Users\KTD\AppData\Local\Temp\ccGDdTDG.o
 .bss           0x0000000000000000        0x0 C:\Users\KTD\AppData\Local\Temp\ccGDdTDG.o
 .init          0x0000000000000000       0x84 C:\Users\KTD\AppData\Local\Temp\ccGDdTDG.o
 .text          0x0000000000000000      0x17c C:\Users\KTD\AppData\Local\Temp\cc4Y7FUT.o
 .data          0x0000000000000000        0x0 C:\Users\KTD\AppData\Local\Temp\cc4Y7FUT.o
 .bss           0x0000000000000000        0x0 C:\Users\KTD\AppData\Local\Temp\cc4Y7FUT.o
 .text          0x0000000000000000      0x1cc C:\Users\KTD\AppData\Local\Temp\cce9Jiqp.o
 .data          0x0000000000000000        0x0 C:\Users\KTD\AppData\Local\Temp\cce9Jiqp.o
 .bss           0x0000000000000000        0x0 C:\Users\KTD\AppData\Local\Temp\cce9Jiqp.o
 .comment       0x0000000000000000       0x3a C:\Users\KTD\AppData\Local\Temp\cce9Jiqp.o
 .text          0x0000000000000000      0x114 C:\Users\KTD\AppData\Local\Temp\cckdqK4e.o
 .data          0x0000000000000000        0x0 C:\Users\KTD\AppData\Local\Temp\cckdqK4e.o
 .bss           0x0000000000000000        0x0 C:\Users\KTD\AppData\Local\Temp\cckdqK4e.o
 .comment       0x0000000000000000       0x3a C:\Users\KTD\AppData\Local\Temp\cckdqK4e.o
 .text          0x0000000000000000      0x13c C:\Users\KTD\AppData\Local\Temp\ccYgn5Gm.o
 .data          0x0000000000000000        0x0 C:\Users\KTD\AppData\Local\Temp\ccYgn5Gm.o
 .bss           0x0000000000000000        0x0 C:\Users\KTD\AppData\Local\Temp\ccYgn5Gm.o
 .comment       0x0000000000000000       0x3a C:\Users\KTD\AppData\Local\Temp\ccYgn5Gm.o
 .text          0x0000000000000000       0x24 C:\Users\KTD\AppData\Local\Temp\cct3RQKC.o
 .data          0x0000000000000000        0x0 C:\Users\KTD\AppData\Local\Temp\cct3RQKC.o
 .bss           0x0000000000000000        0x0 C:\Users\KTD\AppData\Local\Temp\cct3RQKC.o
 .abi_section   0x0000000000000000        0xc C:\Users\KTD\AppData\Local\Temp\cct3RQKC.o
 .comment       0x0000000000000000       0x3a C:\Users\KTD\AppData\Local\Temp\cct3RQKC.o
 .text          0x0000000000000000      0x678 C:\Users\KTD\AppData\Local\Temp\ccaiSIQa.o
 .data          0x0000000000000000        0x0 C:\Users\KTD\AppData\Local\Temp\ccaiSIQa.o
 .bss           0x0000000000000000        0x0 C:\Users\KTD\AppData\Local\Temp\ccaiSIQa.o
 .rodata        0x0000000000000000       0x5c C:\Users\KTD\AppData\Local\Temp\ccaiSIQa.o
 .comment       0x0000000000000000       0x3a C:\Users\KTD\AppData\Local\Temp\ccaiSIQa.o
 .data          0x0000000000000000        0x0 C:\Users\KTD\AppData\Local\Temp\cctqnNB0.o
 .bss           0x0000000000000000        0x0 C:\Users\KTD\AppData\Local\Temp\cctqnNB0.o
 .text          0x0000000000000000        0x0 d:/riscv-none-embed/bin/../lib/gcc/riscv-none-embed/8.2.0/rv32im/ilp32\libgcc.a(_udivdi3.o)
 .data          0x0000000000000000        0x0 d:/riscv-none-embed/bin/../lib/gcc/riscv-none-embed/8.2.0/rv32im/ilp32\libgcc.a(_udivdi3.o)
 .bss           0x0000000000000000        0x0 d:/riscv-none-embed/bin/../lib/gcc/riscv-none-embed/8.2.0/rv32im/ilp32\libgcc.a(_udivdi3.o)
 .eh_frame      0x0000000000000000       0x28 d:/riscv-none-embed/bin/../lib/gcc/riscv-none-embed/8.2.0/rv32im/ilp32\libgcc.a(_udivdi3.o)
 .text          0x0000000000000000        0x0 d:/riscv-none-embed/bin/../lib/gcc/riscv-none-embed/8.2.0/rv32im/ilp32\libgcc.a(_clz.o)
 .data          0x0000000000000000        0x0 d:/riscv-none-embed/bin/../lib/gcc/riscv-none-embed/8.2.0/rv32im/ilp32\libgcc.a(_clz.o)
 .bss           0x0000000000000000        0x0 d:/riscv-none-embed/bin/../lib/gcc/riscv-none-embed/8.2.0/rv32im/ilp32\libgcc.a(_clz.o)

Memory Configuration

Name             Origin             Length             Attributes
iap              0x0000000080002000 0x000000000000e000 xrw
*default*        0x0000000000000000 0xffffffffffffffff

Linker script and memory map

LOAD d:/riscv-none-embed/bin/../lib/gcc/riscv-none-embed/8.2.0/../../../../riscv-none-embed/lib/rv32im/ilp32\libm.a
LOAD d:/riscv-none-embed/bin/../lib/gcc/riscv-none-embed/8.2.0/../../../../riscv-none-embed/lib/rv32im/ilp32\libc.a
LOAD d:/riscv-none-embed/bin/../lib/gcc/riscv-none-embed/8.2.0/rv32im/ilp32\libgcc.a
LOAD C:\Users\KTD\AppData\Local\Temp\ccGDdTDG.o
LOAD C:\Users\KTD\AppData\Local\Temp\cc4Y7FUT.o
LOAD C:\Users\KTD\AppData\Local\Temp\cce9Jiqp.o
LOAD C:\Users\KTD\AppData\Local\Temp\cckdqK4e.o
LOAD C:\Users\KTD\AppData\Local\Temp\ccYgn5Gm.o
LOAD C:\Users\KTD\AppData\Local\Temp\cct3RQKC.o
LOAD C:\Users\KTD\AppData\Local\Temp\ccaiSIQa.o
LOAD C:\Users\KTD\AppData\Local\Temp\cctqnNB0.o
LOAD d:/riscv-none-embed/bin/../lib/gcc/riscv-none-embed/8.2.0/rv32im/ilp32\libgcc.a
START GROUP
LOAD d:/riscv-none-embed/bin/../lib/gcc/riscv-none-embed/8.2.0/rv32im/ilp32\libgcc.a
LOAD d:/riscv-none-embed/bin/../lib/gcc/riscv-none-embed/8.2.0/../../../../riscv-none-embed/lib/rv32im/ilp32\libg.a
LOAD d:/riscv-none-embed/bin/../lib/gcc/riscv-none-embed/8.2.0/../../../../riscv-none-embed/lib/rv32im/ilp32\libc.a
END GROUP
LOAD d:/riscv-none-embed/bin/../lib/gcc/riscv-none-embed/8.2.0/rv32im/ilp32\libgcc.a

.text           0x0000000080002000     0x17c4
 *(.abi_jump)
 .abi_jump      0x0000000080002000      0x3dc C:\Users\KTD\AppData\Local\Temp\cctqnNB0.o
                0x0000000080002000                _jump
 *(.text*)
 .text          0x00000000800023dc      0xf48 C:\Users\KTD\AppData\Local\Temp\cctqnNB0.o
                0x00000000800023dc                crc16_modbus
                0x00000000800024ac                init_crc_buffer
                0x0000000080002548                run_crc_test
                0x00000000800026cc                fsm_transition
                0x0000000080002798                run_fsm_test
                0x000000008000294c                matmul_naive
                0x0000000080002a7c                matmul_transpose
                0x0000000080002ca4                verify
                0x0000000080002d78                init_matrix
                0x0000000080002e28                is_prime
                0x0000000080002ea4                validate_prime_calculation
                0x0000000080003010                sort_insertion
                0x00000000800030f8                sort_selection
                0x0000000080003208                array_equal
                0x0000000080003288                init_array
 .text.__udivdi3
                0x0000000080003324      0x4a0 d:/riscv-none-embed/bin/../lib/gcc/riscv-none-embed/8.2.0/rv32im/ilp32\libgcc.a(_udivdi3.o)
                0x0000000080003324                __udivdi3

.data           0x00000000800037c4      0x1bc
                0x00000000800037c4                __data_lma = LOADADDR (.data)
                0x00000000800037c4                __data_start = .
 *(.rodata*)
 .rodata        0x00000000800037c4       0xb9 C:\Users\KTD\AppData\Local\Temp\cctqnNB0.o
 *fill*         0x000000008000387d        0x3 
 .rodata.__clz_tab
                0x0000000080003880      0x100 d:/riscv-none-embed/bin/../lib/gcc/riscv-none-embed/8.2.0/rv32im/ilp32\libgcc.a(_clz.o)
                0x0000000080003880                __clz_tab
 *(.data*)
 *(.sdata*)
                0x0000000080003980                __data_end = .

.rela.dyn       0x0000000080003980        0x0
 .rela.text     0x0000000080003980        0x0 C:\Users\KTD\AppData\Local\Temp\cctqnNB0.o
 .rela.abi_jump
                0x0000000080003980        0x0 C:\Users\KTD\AppData\Local\Temp\cctqnNB0.o

.bss            0x0000000080003980     0x8f74
                0x0000000080003980                __bss_start = .
 *(.bss .bss.*)
 *(.sbss .sbss.*)
                0x0000000080003980                __bss_end = .
 COMMON         0x0000000080003980     0x8f74 C:\Users\KTD\AppData\Local\Temp\cctqnNB0.o
                0x0000000080003980                C1
                0x0000000080004790                trace
                0x0000000080004890                prime_table
                0x0000000080007784                A
                0x0000000080008594                arr1
                0x0000000080009534                B
                0x000000008000a344                C2
                0x000000008000b154                crc_buffer
                0x000000008000b954                arr2
                0x000000008000c8f4                . = ALIGN (0x4)

.stack          0x000000008000c8f4     0x370c
                0x000000008000c8f4                __stack_bottom = .
                0x0000000080010000                __stack_top = (ORIGIN (iap) + LENGTH (iap))
                0x0000000080010000                . = __stack_top
 *fill*         0x000000008000c8f4     0x370c 
                0x0000000080010000                _end = .
OUTPUT(riscv.elf elf32-littleriscv)

.comment        0x0000000000000000       0x39
 .comment       0x0000000000000000       0x39 C:\Users\KTD\AppData\Local\Temp\cctqnNB0.o
                                         0x3a (size before relaxing)
