由于文件 (符号) 而包含了归档成员

/opt/riscv32im_zicsr/lib/gcc/riscv32-unknown-elf/15.2.0/../../../../riscv32-unknown-elf/lib/libc.a(libc_a-strncmp.o)
                              /tmp/ccAAVqjz.o (strncmp)
/opt/riscv32im_zicsr/lib/gcc/riscv32-unknown-elf/15.2.0/../../../../riscv32-unknown-elf/lib/libc.a(libc_a-memset.o)
                              /tmp/ccpme1fq.o (memset)
/opt/riscv32im_zicsr/lib/gcc/riscv32-unknown-elf/15.2.0/../../../../riscv32-unknown-elf/lib/libc.a(libc_a-strlen.o)
                              /tmp/ccAAVqjz.o (strlen)

Merging object attributes


舍弃的输入节

 .text          0x00000000        0x0 /tmp/ccuDHk0Z.o
 .data          0x00000000        0x0 /tmp/ccuDHk0Z.o
 .bss           0x00000000        0x0 /tmp/ccuDHk0Z.o
 .data          0x00000000        0x0 /tmp/cc6gFsLK.o
 .bss           0x00000000        0x0 /tmp/cc6gFsLK.o
 .data          0x00000000        0x0 /tmp/cc7c26Xr.o
 .bss           0x00000000        0x0 /tmp/cc7c26Xr.o
 .text          0x00000000        0x0 /tmp/ccdnnADJ.o
 .data          0x00000000        0x0 /tmp/ccdnnADJ.o
 .bss           0x00000000        0x0 /tmp/ccdnnADJ.o
 .text.get_cyclel_value
                0x00000000        0x8 /tmp/ccdnnADJ.o
 .text.delay_us
                0x00000000       0x40 /tmp/ccdnnADJ.o
 .text.delay_ms
                0x00000000       0x48 /tmp/ccdnnADJ.o
 .text          0x00000000        0x0 /tmp/ccJCpZ2G.o
 .data          0x00000000        0x0 /tmp/ccJCpZ2G.o
 .bss           0x00000000        0x0 /tmp/ccJCpZ2G.o
 .text          0x00000000        0x0 /tmp/ccAwuLOK.o
 .data          0x00000000        0x0 /tmp/ccAwuLOK.o
 .bss           0x00000000        0x0 /tmp/ccAwuLOK.o
 .text.uart_send
                0x00000000       0x10 /tmp/ccAwuLOK.o
 .text.uart_read
                0x00000000       0x28 /tmp/ccAwuLOK.o
 .text          0x00000000        0x0 /tmp/ccUuEEu3.o
 .data          0x00000000        0x0 /tmp/ccUuEEu3.o
 .bss           0x00000000        0x0 /tmp/ccUuEEu3.o
 .text.get_frequency
                0x00000000        0xc /tmp/ccUuEEu3.o
 .abi_section   0x00000000        0xc /tmp/ccUuEEu3.o
 .comment       0x00000000       0x1a /tmp/ccUuEEu3.o
 .note.GNU-stack
                0x00000000        0x0 /tmp/ccUuEEu3.o
 .riscv.attributes
                0x00000000       0x33 /tmp/ccUuEEu3.o
 .text          0x00000000        0x0 /tmp/cc7AaDK7.o
 .data          0x00000000        0x0 /tmp/cc7AaDK7.o
 .bss           0x00000000        0x0 /tmp/cc7AaDK7.o
 .text.xputc    0x00000000       0x50 /tmp/cc7AaDK7.o
 .text.xprintf  0x00000000      0xb04 /tmp/cc7AaDK7.o
 .rodata.xprintf
                0x00000000       0xb8 /tmp/cc7AaDK7.o
 .text          0x00000000        0x0 /tmp/ccmdfTm4.o
 .data          0x00000000        0x0 /tmp/ccmdfTm4.o
 .bss           0x00000000        0x0 /tmp/ccmdfTm4.o
 .text          0x00000000        0x0 /tmp/ccyrFgrB.o
 .data          0x00000000        0x0 /tmp/ccyrFgrB.o
 .bss           0x00000000        0x0 /tmp/ccyrFgrB.o
 .comment       0x00000000       0x1a /tmp/ccyrFgrB.o
 .note.GNU-stack
                0x00000000        0x0 /tmp/ccyrFgrB.o
 .riscv.attributes
                0x00000000       0x33 /tmp/ccyrFgrB.o
 .text          0x00000000        0x0 /tmp/cc7GpBKg.o
 .data          0x00000000        0x0 /tmp/cc7GpBKg.o
 .bss           0x00000000        0x0 /tmp/cc7GpBKg.o
 .text          0x00000000        0x0 /tmp/ccDFyvQn.o
 .data          0x00000000        0x0 /tmp/ccDFyvQn.o
 .bss           0x00000000        0x0 /tmp/ccDFyvQn.o
 .text          0x00000000        0x0 /tmp/ccAAVqjz.o
 .data          0x00000000        0x0 /tmp/ccAAVqjz.o
 .bss           0x00000000        0x0 /tmp/ccAAVqjz.o
 .text          0x00000000        0x0 /tmp/ccpme1fq.o
 .data          0x00000000        0x0 /tmp/ccpme1fq.o
 .bss           0x00000000        0x0 /tmp/ccpme1fq.o
 .text.finsh_get_prompt_mode
                0x00000000       0x18 /tmp/ccpme1fq.o
 .text.finsh_set_prompt_mode
                0x00000000       0x24 /tmp/ccpme1fq.o
 .text.finsh_set_echo
                0x00000000       0x20 /tmp/ccpme1fq.o
 .text.finsh_get_echo
                0x00000000       0x14 /tmp/ccpme1fq.o
 .text.finsh_system_function_init
                0x00000000       0x14 /tmp/ccpme1fq.o
 .text.finsh_system_var_init
                0x00000000       0x14 /tmp/ccpme1fq.o
 .text          0x00000000        0x0 /tmp/ccskPgEJ.o
 .data          0x00000000        0x0 /tmp/ccskPgEJ.o
 .bss           0x00000000        0x0 /tmp/ccskPgEJ.o
 .rodata.rt_hw_cpu_shutdown.str1.4
                0x00000000        0xd /tmp/ccskPgEJ.o
 .text.rt_hw_cpu_shutdown
                0x00000000       0x24 /tmp/ccskPgEJ.o
 .text          0x00000000        0x0 /tmp/cczrvBWc.o
 .data          0x00000000        0x0 /tmp/cczrvBWc.o
 .bss           0x00000000        0x0 /tmp/cczrvBWc.o
 .text.rt_system_tick_init
                0x00000000        0x4 /tmp/cczrvBWc.o
 .text.rt_tick_set
                0x00000000       0x34 /tmp/cczrvBWc.o
 .text          0x00000000        0x0 /tmp/cceg3tpG.o
 .data          0x00000000        0x0 /tmp/cceg3tpG.o
 .bss           0x00000000        0x0 /tmp/cceg3tpG.o
 .text.rt_components_init
                0x00000000       0x48 /tmp/cceg3tpG.o
 .text.rt_application_init
                0x00000000       0x5c /tmp/cceg3tpG.o
 .text          0x00000000        0x0 /tmp/ccZXvY62.o
 .data          0x00000000        0x0 /tmp/ccZXvY62.o
 .bss           0x00000000        0x0 /tmp/ccZXvY62.o
 .comment       0x00000000       0x1a /tmp/ccZXvY62.o
 .note.GNU-stack
                0x00000000        0x0 /tmp/ccZXvY62.o
 .riscv.attributes
                0x00000000       0x33 /tmp/ccZXvY62.o
 .text          0x00000000        0x0 /tmp/ccx2A9no.o
 .data          0x00000000        0x0 /tmp/ccx2A9no.o
 .bss           0x00000000        0x0 /tmp/ccx2A9no.o
 .text.rt_thread_idle_excute
                0x00000000        0x4 /tmp/ccx2A9no.o
 .text.rt_thread_idle_gethandler
                0x00000000        0xc /tmp/ccx2A9no.o
 .text          0x00000000        0x0 /tmp/ccrFtFKX.o
 .data          0x00000000        0x0 /tmp/ccrFtFKX.o
 .bss           0x00000000        0x0 /tmp/ccrFtFKX.o
 .text.rt_sem_detach
                0x00000000       0x8c /tmp/ccrFtFKX.o
 .text.rt_sem_take
                0x00000000      0x178 /tmp/ccrFtFKX.o
 .text.rt_sem_trytake
                0x00000000      0x178 /tmp/ccrFtFKX.o
 .text.rt_sem_release
                0x00000000       0x98 /tmp/ccrFtFKX.o
 .text.rt_sem_control
                0x00000000       0xc8 /tmp/ccrFtFKX.o
 .text.rt_mb_init
                0x00000000       0x78 /tmp/ccrFtFKX.o
 .text.rt_mb_detach
                0x00000000       0xd0 /tmp/ccrFtFKX.o
 .text.rt_mb_send_wait
                0x00000000      0x2fc /tmp/ccrFtFKX.o
 .text.rt_mb_send
                0x00000000        0xc /tmp/ccrFtFKX.o
 .text.rt_mb_recv
                0x00000000      0x2d4 /tmp/ccrFtFKX.o
 .text.rt_mb_control
                0x00000000      0x104 /tmp/ccrFtFKX.o
 .text          0x00000000        0x0 /tmp/ccDoNf3r.o
 .data          0x00000000        0x0 /tmp/ccDoNf3r.o
 .bss           0x00000000        0x0 /tmp/ccDoNf3r.o
 .text.rt_interrupt_enter
                0x00000000       0x30 /tmp/ccDoNf3r.o
 .text.rt_interrupt_leave
                0x00000000       0x30 /tmp/ccDoNf3r.o
 .text.rt_interrupt_get_nest
                0x00000000       0x3c /tmp/ccDoNf3r.o
 .text          0x00000000        0x0 /tmp/ccjIiruj.o
 .data          0x00000000        0x0 /tmp/ccjIiruj.o
 .bss           0x00000000        0x0 /tmp/ccjIiruj.o
 .text.rt_get_errno
                0x00000000       0x44 /tmp/ccjIiruj.o
 .text.rt_set_errno
                0x00000000       0x54 /tmp/ccjIiruj.o
 .text._rt_errno
                0x00000000       0x44 /tmp/ccjIiruj.o
 .text.rt_memcpy
                0x00000000      0x184 /tmp/ccjIiruj.o
 .text.rt_memcmp
                0x00000000       0x3c /tmp/ccjIiruj.o
 .text.rt_strstr
                0x00000000       0x94 /tmp/ccjIiruj.o
 .text.rt_strcasecmp
                0x00000000       0x4c /tmp/ccjIiruj.o
 .text.rt_strncmp
                0x00000000       0x44 /tmp/ccjIiruj.o
 .text.rt_strcmp
                0x00000000       0x40 /tmp/ccjIiruj.o
 .text.rt_strnlen
                0x00000000       0x38 /tmp/ccjIiruj.o
 .text.rt_strlen
                0x00000000       0x28 /tmp/ccjIiruj.o
 .text.rt_snprintf
                0x00000000       0x3c /tmp/ccjIiruj.o
 .text.rt_vsprintf
                0x00000000       0x14 /tmp/ccjIiruj.o
 .text.rt_sprintf
                0x00000000       0x48 /tmp/ccjIiruj.o
 .text.rt_hw_console_output
                0x00000000        0x4 /tmp/ccjIiruj.o
 .text.rt_kputs
                0x00000000       0x10 /tmp/ccjIiruj.o
 .sbss.__rt_errno
                0x00000000        0x4 /tmp/ccjIiruj.o
 .text          0x00000000        0x0 /tmp/ccxkfYOX.o
 .data          0x00000000        0x0 /tmp/ccxkfYOX.o
 .bss           0x00000000        0x0 /tmp/ccxkfYOX.o
 .comment       0x00000000       0x1a /tmp/ccxkfYOX.o
 .note.GNU-stack
                0x00000000        0x0 /tmp/ccxkfYOX.o
 .riscv.attributes
                0x00000000       0x33 /tmp/ccxkfYOX.o
 .text          0x00000000        0x0 /tmp/ccV70dPb.o
 .data          0x00000000        0x0 /tmp/ccV70dPb.o
 .bss           0x00000000        0x0 /tmp/ccV70dPb.o
 .comment       0x00000000       0x1a /tmp/ccV70dPb.o
 .note.GNU-stack
                0x00000000        0x0 /tmp/ccV70dPb.o
 .riscv.attributes
                0x00000000       0x33 /tmp/ccV70dPb.o
 .text          0x00000000        0x0 /tmp/ccXIby12.o
 .data          0x00000000        0x0 /tmp/ccXIby12.o
 .bss           0x00000000        0x0 /tmp/ccXIby12.o
 .comment       0x00000000       0x1a /tmp/ccXIby12.o
 .note.GNU-stack
                0x00000000        0x0 /tmp/ccXIby12.o
 .riscv.attributes
                0x00000000       0x33 /tmp/ccXIby12.o
 .text          0x00000000        0x0 /tmp/cc1Ex3U2.o
 .data          0x00000000        0x0 /tmp/cc1Ex3U2.o
 .bss           0x00000000        0x0 /tmp/cc1Ex3U2.o
 .text.rt_system_object_init
                0x00000000        0x4 /tmp/cc1Ex3U2.o
 .text.rt_object_get_length
                0x00000000       0xb8 /tmp/cc1Ex3U2.o
 .text.rt_object_get_pointers
                0x00000000       0xf8 /tmp/cc1Ex3U2.o
 .text.rt_object_get_type
                0x00000000        0xc /tmp/cc1Ex3U2.o
 .text.rt_object_find
                0x00000000      0x124 /tmp/cc1Ex3U2.o
 .text          0x00000000        0x0 /tmp/cc4fKSG4.o
 .data          0x00000000        0x0 /tmp/cc4fKSG4.o
 .bss           0x00000000        0x0 /tmp/cc4fKSG4.o
 .text.rt_critical_level
                0x00000000        0xc /tmp/cc4fKSG4.o
 .text          0x00000000        0x0 /tmp/cc1XtYB9.o
 .data          0x00000000        0x0 /tmp/cc1XtYB9.o
 .bss           0x00000000        0x0 /tmp/cc1XtYB9.o
 .comment       0x00000000       0x1a /tmp/cc1XtYB9.o
 .note.GNU-stack
                0x00000000        0x0 /tmp/cc1XtYB9.o
 .riscv.attributes
                0x00000000       0x33 /tmp/cc1XtYB9.o
 .text          0x00000000        0x0 /tmp/ccx0vhc6.o
 .data          0x00000000        0x0 /tmp/ccx0vhc6.o
 .bss           0x00000000        0x0 /tmp/ccx0vhc6.o
 .text.rt_thread_detach
                0x00000000       0xf8 /tmp/ccx0vhc6.o
 .text.rt_thread_sleep
                0x00000000       0xec /tmp/ccx0vhc6.o
 .text.rt_thread_delay
                0x00000000       0xec /tmp/ccx0vhc6.o
 .text.rt_thread_delay_until
                0x00000000      0x150 /tmp/ccx0vhc6.o
 .text.rt_thread_control
                0x00000000      0x190 /tmp/ccx0vhc6.o
 .text.rt_thread_suspend
                0x00000000       0x84 /tmp/ccx0vhc6.o
 .text.rt_thread_resume
                0x00000000       0x90 /tmp/ccx0vhc6.o
 .text.rt_thread_find
                0x00000000        0xc /tmp/ccx0vhc6.o
 .text          0x00000000        0x0 /tmp/ccS0q8Qs.o
 .data          0x00000000        0x0 /tmp/ccS0q8Qs.o
 .bss           0x00000000        0x0 /tmp/ccS0q8Qs.o
 .text.rt_timer_next_timeout_tick
                0x00000000       0x68 /tmp/ccS0q8Qs.o
 .text          0x00000000        0x0 /tmp/ccci8WEH.o
 .data          0x00000000        0x0 /tmp/ccci8WEH.o
 .bss           0x00000000        0x0 /tmp/ccci8WEH.o
 .text          0x00000000        0x0 /tmp/cctGfDD0.o
 .data          0x00000000        0x0 /tmp/cctGfDD0.o
 .bss           0x00000000        0x0 /tmp/cctGfDD0.o
 .text          0x00000000        0x0 /tmp/ccVsZEb0.o
 .data          0x00000000        0x0 /tmp/ccVsZEb0.o
 .bss           0x00000000        0x0 /tmp/ccVsZEb0.o
 .text          0x00000000        0x0 /tmp/cct6D3aw.o
 .data          0x00000000        0x0 /tmp/cct6D3aw.o
 .bss           0x00000000        0x0 /tmp/cct6D3aw.o
 .text.calc_func
                0x00000000      0x140 /tmp/cct6D3aw.o
 .text.cmp_idx  0x00000000       0x54 /tmp/cct6D3aw.o
 .text.copy_info
                0x00000000       0x14 /tmp/cct6D3aw.o
 .text.core_list_insert_new
                0x00000000       0x60 /tmp/cct6D3aw.o
 .text.core_list_remove
                0x00000000       0x28 /tmp/cct6D3aw.o
 .text.core_list_undo_remove
                0x00000000       0x20 /tmp/cct6D3aw.o
 .text.core_list_find
                0x00000000       0x4c /tmp/cct6D3aw.o
 .text.core_list_reverse
                0x00000000       0x24 /tmp/cct6D3aw.o
 .text.core_list_mergesort
                0x00000000      0x1b0 /tmp/cct6D3aw.o
 .text          0x00000000        0x0 /tmp/ccdZRB6l.o
 .data          0x00000000        0x0 /tmp/ccdZRB6l.o
 .bss           0x00000000        0x0 /tmp/ccdZRB6l.o
 .text.iterate  0x00000000       0xe0 /tmp/ccdZRB6l.o
 .rodata.str1.4
                0x00000000       0x16 /tmp/ccdZRB6l.o
 .data.mem_name
                0x00000000        0xc /tmp/ccdZRB6l.o
 .text          0x00000000        0x0 /tmp/ccxXDF86.o
 .data          0x00000000        0x0 /tmp/ccxXDF86.o
 .bss           0x00000000        0x0 /tmp/ccxXDF86.o
 .text.matrix_sum
                0x00000000       0x98 /tmp/ccxXDF86.o
 .text.matrix_mul_const
                0x00000000       0x4c /tmp/ccxXDF86.o
 .text.matrix_add_const
                0x00000000       0x38 /tmp/ccxXDF86.o
 .text.matrix_mul_vect
                0x00000000       0x58 /tmp/ccxXDF86.o
 .text.matrix_mul_matrix
                0x00000000       0xa0 /tmp/ccxXDF86.o
 .text.matrix_mul_matrix_bitextract
                0x00000000       0xb4 /tmp/ccxXDF86.o
 .text          0x00000000        0x0 /tmp/ccQw0EXv.o
 .data          0x00000000        0x0 /tmp/ccQw0EXv.o
 .bss           0x00000000        0x0 /tmp/ccQw0EXv.o
 .text          0x00000000        0x0 /tmp/ccOoqePj.o
 .data          0x00000000        0x0 /tmp/ccOoqePj.o
 .bss           0x00000000        0x0 /tmp/ccOoqePj.o
 .text          0x00000000        0x0 /tmp/cc13kmM7.o
 .data          0x00000000        0x0 /tmp/cc13kmM7.o
 .bss           0x00000000        0x0 /tmp/cc13kmM7.o
 .text.crcu8    0x00000000      0x130 /tmp/cc13kmM7.o
 .text          0x00000000        0x0 /opt/riscv32im_zicsr/lib/gcc/riscv32-unknown-elf/15.2.0/../../../../riscv32-unknown-elf/lib/libc.a(libc_a-strncmp.o)
 .data          0x00000000        0x0 /opt/riscv32im_zicsr/lib/gcc/riscv32-unknown-elf/15.2.0/../../../../riscv32-unknown-elf/lib/libc.a(libc_a-strncmp.o)
 .bss           0x00000000        0x0 /opt/riscv32im_zicsr/lib/gcc/riscv32-unknown-elf/15.2.0/../../../../riscv32-unknown-elf/lib/libc.a(libc_a-strncmp.o)
 .data          0x00000000        0x0 /opt/riscv32im_zicsr/lib/gcc/riscv32-unknown-elf/15.2.0/../../../../riscv32-unknown-elf/lib/libc.a(libc_a-memset.o)
 .bss           0x00000000        0x0 /opt/riscv32im_zicsr/lib/gcc/riscv32-unknown-elf/15.2.0/../../../../riscv32-unknown-elf/lib/libc.a(libc_a-memset.o)
 .text          0x00000000        0x0 /opt/riscv32im_zicsr/lib/gcc/riscv32-unknown-elf/15.2.0/../../../../riscv32-unknown-elf/lib/libc.a(libc_a-strlen.o)
 .data          0x00000000        0x0 /opt/riscv32im_zicsr/lib/gcc/riscv32-unknown-elf/15.2.0/../../../../riscv32-unknown-elf/lib/libc.a(libc_a-strlen.o)
 .bss           0x00000000        0x0 /opt/riscv32im_zicsr/lib/gcc/riscv32-unknown-elf/15.2.0/../../../../riscv32-unknown-elf/lib/libc.a(libc_a-strlen.o)

内存配置

名称           来源             长度             属性
ram              0x80000000         0x00010000         xrw
iap              0x80008000         0x00008000         xrw
*default*        0x00000000         0xffffffff

链结器命令稿和内存映射

LOAD /opt/riscv32im_zicsr/lib/gcc/riscv32-unknown-elf/15.2.0/libgcc.a
LOAD /tmp/ccuDHk0Z.o
LOAD /tmp/cc6gFsLK.o
LOAD /tmp/cc7c26Xr.o
LOAD /tmp/ccdnnADJ.o
LOAD /tmp/ccJCpZ2G.o
LOAD /tmp/ccAwuLOK.o
LOAD /tmp/ccUuEEu3.o
LOAD /tmp/cc7AaDK7.o
LOAD /tmp/ccmdfTm4.o
LOAD /tmp/ccyrFgrB.o
LOAD /tmp/cc7GpBKg.o
LOAD /tmp/ccDFyvQn.o
LOAD /tmp/ccAAVqjz.o
LOAD /tmp/ccpme1fq.o
LOAD /tmp/ccskPgEJ.o
LOAD /tmp/cczrvBWc.o
LOAD /tmp/cceg3tpG.o
LOAD /tmp/ccZXvY62.o
LOAD /tmp/ccx2A9no.o
LOAD /tmp/ccrFtFKX.o
LOAD /tmp/ccDoNf3r.o
LOAD /tmp/ccjIiruj.o
LOAD /tmp/ccxkfYOX.o
LOAD /tmp/ccV70dPb.o
LOAD /tmp/ccXIby12.o
LOAD /tmp/cc1Ex3U2.o
LOAD /tmp/cc4fKSG4.o
LOAD /tmp/cc1XtYB9.o
LOAD /tmp/ccx0vhc6.o
LOAD /tmp/ccS0q8Qs.o
LOAD /tmp/ccci8WEH.o
LOAD /tmp/cctGfDD0.o
LOAD /tmp/ccVsZEb0.o
LOAD /tmp/cct6D3aw.o
LOAD /tmp/ccdZRB6l.o
LOAD /tmp/ccxXDF86.o
LOAD /tmp/ccQw0EXv.o
LOAD /tmp/ccOoqePj.o
LOAD /tmp/cc13kmM7.o
LOAD /opt/riscv32im_zicsr/lib/gcc/riscv32-unknown-elf/15.2.0/libgcc.a
START GROUP
LOAD /opt/riscv32im_zicsr/lib/gcc/riscv32-unknown-elf/15.2.0/../../../../riscv32-unknown-elf/lib/libc.a
LOAD /opt/riscv32im_zicsr/lib/gcc/riscv32-unknown-elf/15.2.0/../../../../riscv32-unknown-elf/lib/libgloss.a
END GROUP
LOAD /opt/riscv32im_zicsr/lib/gcc/riscv32-unknown-elf/15.2.0/libgcc.a

.init           0x80000000       0x94
 *(SORT_NONE(.init))
 .init          0x80000000       0x94 /tmp/ccuDHk0Z.o
                0x80000000                _start

.text           0x80000094     0x75bc
                0x80000094                        . = ALIGN (0x4)
                0x80000094                        __fsymtab_start = .
 *(FSymTab)
 FSymTab        0x80000094       0x80 /tmp/cc7GpBKg.o
                0x80000094                __fsym_list
                0x8000009c                __fsym___cmd_list_timer
                0x800000a4                __fsym_list_timer
                0x800000ac                __fsym___cmd_list_mailbox
                0x800000b4                __fsym_list_mailbox
                0x800000bc                __fsym___cmd_list_sem
                0x800000c4                __fsym_list_sem
                0x800000cc                __fsym___cmd_list_thread
                0x800000d4                __fsym_list_thread
                0x800000dc                __fsym___cmd_simple_add
                0x800000e4                __fsym_simple_add
                0x800000ec                __fsym___cmd_exec_coremark
                0x800000f4                __fsym_exec_coremark
                0x800000fc                __fsym___cmd_version
                0x80000104                __fsym_version
                0x8000010c                __fsym_hello
 FSymTab        0x80000114       0x10 /tmp/ccAAVqjz.o
                0x80000114                __fsym___cmd_ps
                0x8000011c                __fsym___cmd_help
                0x80000124                        __fsymtab_end = .
                0x80000124                        . = ALIGN (0x4)
                0x80000124                        __vsymtab_start = .
 *(VSymTab)
                0x80000124                        __vsymtab_end = .
                0x80000124                        . = ALIGN (0x4)
 *(.text.unlikely .text.unlikely.*)
 *(.text.startup .text.startup.*)
 .text.startup.main
                0x80000124       0x44 /tmp/ccVsZEb0.o
                0x80000124                main
 *(.text .text.*)
 .text          0x80000168      0x2b4 /tmp/cc6gFsLK.o
                0x80000168                interrupt_disable
                0x80000170                interrupt_enable
                0x80000178                trap_entry
 .text          0x8000041c      0x160 /tmp/cc7c26Xr.o
                0x8000041c                rt_hw_interrupt_disable
                0x80000424                rt_hw_interrupt_enable
                0x8000042c                rt_hw_context_switch_to
                0x80000434                rt_hw_context_switch
 .text.get_cycle_value
                0x8000057c        0xc /tmp/ccdnnADJ.o
                0x8000057c                get_cycle_value
 .text.timer_init
                0x80000588       0x2c /tmp/ccJCpZ2G.o
                0x80000588                timer_init
 .text.timer_control
                0x800005b4       0x1c /tmp/ccJCpZ2G.o
                0x800005b4                timer_control
 .text.timer_clearflag
                0x800005d0        0x8 /tmp/ccJCpZ2G.o
                0x800005d0                timer_clearflag
 .text.uart_send_wait
                0x800005d8       0x1c /tmp/ccAwuLOK.o
                0x800005d8                uart_send_wait
 .text.uart_read_wait
                0x800005f4       0x20 /tmp/ccAwuLOK.o
                0x800005f4                uart_read_wait
 .text.xputs    0x80000614       0x84 /tmp/cc7AaDK7.o
                0x80000614                xputs
 .text.uart_init
                0x80000698        0x8 /tmp/ccmdfTm4.o
 .text.rt_os_tick_callback
                0x800006a0        0x8 /tmp/ccmdfTm4.o
                0x800006a0                rt_os_tick_callback
 .text.rt_hw_board_init
                0x800006a8        0x8 /tmp/ccmdfTm4.o
                0x800006a8                rt_hw_board_init
 .text.rt_hw_console_output
                0x800006b0        0x8 /tmp/ccmdfTm4.o
                0x800006b0                rt_hw_console_output
 .text.hello    0x800006b8       0x28 /tmp/cc7GpBKg.o
                0x800006b8                hello
 .text.simple_add
                0x800006e0       0xb8 /tmp/cc7GpBKg.o
                0x800006e0                simple_add
 .text.version  0x80000798       0x20 /tmp/cc7GpBKg.o
                0x80000798                version
 .text.exec_coremark
                0x800007b8        0x8 /tmp/cc7GpBKg.o
                0x800007b8                exec_coremark
 .text.list_thread
                0x800007c0      0x384 /tmp/cc7GpBKg.o
                0x800007c0                list_thread
 .text.list     0x80000b44       0xb8 /tmp/cc7GpBKg.o
                0x80000b44                list
 .text.list_timer
                0x80000bfc      0x2d8 /tmp/cc7GpBKg.o
                0x80000bfc                list_timer
 .text.list_sem
                0x80000ed4      0x334 /tmp/cc7GpBKg.o
                0x80000ed4                list_sem
 .text.list_mailbox
                0x80001208      0x338 /tmp/cc7GpBKg.o
                0x80001208                list_mailbox
 .text.rt_hw_console_getchar
                0x80001540        0xc /tmp/ccDFyvQn.o
                0x80001540                rt_hw_console_getchar
 .text.msh_help
                0x8000154c       0xd4 /tmp/ccAAVqjz.o
                0x8000154c                msh_help
 .text.cmd_ps   0x80001620       0x20 /tmp/ccAAVqjz.o
                0x80001620                cmd_ps
 .text.msh_is_used
                0x80001640        0x8 /tmp/ccAAVqjz.o
                0x80001640                msh_is_used
 .text.msh_exec
                0x80001648      0x360 /tmp/ccAAVqjz.o
                0x80001648                msh_exec
 .text.msh_auto_complete
                0x800019a8      0x264 /tmp/ccAAVqjz.o
                0x800019a8                msh_auto_complete
 .text.finsh_system_init
                0x80001c0c      0x114 /tmp/ccpme1fq.o
                0x80001c0c                finsh_system_init
 .text.finsh_get_prompt
                0x80001d20       0xb0 /tmp/ccpme1fq.o
                0x80001d20                finsh_get_prompt
 .text.finsh_thread_entry
                0x80001dd0      0x540 /tmp/ccpme1fq.o
                0x80001dd0                finsh_thread_entry
 .text.rt_hw_stack_init
                0x80002310       0x44 /tmp/ccskPgEJ.o
                0x80002310                rt_hw_stack_init
 .text.rt_hw_context_switch_interrupt
                0x80002354       0x20 /tmp/ccskPgEJ.o
                0x80002354                rt_hw_context_switch_interrupt
 .text.rt_tick_get
                0x80002374        0xc /tmp/cczrvBWc.o
                0x80002374                rt_tick_get
 .text.rt_tick_increase
                0x80002380       0x60 /tmp/cczrvBWc.o
                0x80002380                rt_tick_increase
 .text.rt_tick_from_millisecond
                0x800023e0       0x10 /tmp/cczrvBWc.o
                0x800023e0                rt_tick_from_millisecond
 .text.rti_start
                0x800023f0        0x8 /tmp/cceg3tpG.o
 .text.main_thread_entry
                0x800023f8       0x4c /tmp/cceg3tpG.o
                0x800023f8                main_thread_entry
 .text.rti_board_start
                0x80002444        0x8 /tmp/cceg3tpG.o
 .text.rti_board_end
                0x8000244c        0x8 /tmp/cceg3tpG.o
 .text.rti_end  0x80002454        0x8 /tmp/cceg3tpG.o
 .text.rt_components_board_init
                0x8000245c       0x48 /tmp/cceg3tpG.o
                0x8000245c                rt_components_board_init
 .text.rtthread_startup
                0x800024a4      0x104 /tmp/cceg3tpG.o
                0x800024a4                rtthread_startup
 .text.entry    0x800025a8        0x8 /tmp/cceg3tpG.o
                0x800025a8                entry
 .text.rt_thread_idle_entry
                0x800025b0        0x4 /tmp/ccx2A9no.o
 .text.rt_thread_idle_init
                0x800025b4       0x5c /tmp/ccx2A9no.o
                0x800025b4                rt_thread_idle_init
 .text.rt_sem_init
                0x80002610       0x58 /tmp/ccrFtFKX.o
                0x80002610                rt_sem_init
 .text.print_number
                0x80002668      0x6d0 /tmp/ccjIiruj.o
 .text.rt_memset
                0x80002d38       0xf8 /tmp/ccjIiruj.o
                0x80002d38                rt_memset
 .text.rt_memmove
                0x80002e30       0xd4 /tmp/ccjIiruj.o
                0x80002e30                rt_memmove
 .text.rt_strncpy
                0x80002f04       0x64 /tmp/ccjIiruj.o
                0x80002f04                rt_strncpy
 .text.rt_vsnprintf
                0x80002f68      0x7bc /tmp/ccjIiruj.o
                0x80002f68                rt_vsnprintf
 .text.rt_kprintf
                0x80003724       0x90 /tmp/ccjIiruj.o
                0x80003724                rt_kprintf
 .text.rt_show_version
                0x800037b4       0x64 /tmp/ccjIiruj.o
                0x800037b4                rt_show_version
 .text.__rt_ffs
                0x80003818       0x98 /tmp/ccjIiruj.o
                0x80003818                __rt_ffs
 .text.rt_object_get_information
                0x800038b0       0x5c /tmp/cc1Ex3U2.o
                0x800038b0                rt_object_get_information
 .text.rt_object_init
                0x8000390c      0x114 /tmp/cc1Ex3U2.o
                0x8000390c                rt_object_init
 .text.rt_object_detach
                0x80003a20       0x4c /tmp/cc1Ex3U2.o
                0x80003a20                rt_object_detach
 .text.rt_object_is_systemobject
                0x80003a6c        0xc /tmp/cc1Ex3U2.o
                0x80003a6c                rt_object_is_systemobject
 .text.rt_system_scheduler_init
                0x80003a78       0xb8 /tmp/cc4fKSG4.o
                0x80003a78                rt_system_scheduler_init
 .text.rt_system_scheduler_start
                0x80003b30       0x4c /tmp/cc4fKSG4.o
                0x80003b30                rt_system_scheduler_start
 .text.rt_schedule
                0x80003b7c       0xbc /tmp/cc4fKSG4.o
                0x80003b7c                rt_schedule
 .text.rt_schedule_insert_thread
                0x80003c38       0x7c /tmp/cc4fKSG4.o
                0x80003c38                rt_schedule_insert_thread
 .text.rt_schedule_remove_thread
                0x80003cb4       0x90 /tmp/cc4fKSG4.o
                0x80003cb4                rt_schedule_remove_thread
 .text.rt_enter_critical
                0x80003d44       0x30 /tmp/cc4fKSG4.o
                0x80003d44                rt_enter_critical
 .text.rt_exit_critical
                0x80003d74       0x70 /tmp/cc4fKSG4.o
                0x80003d74                rt_exit_critical
 .text.rt_thread_timeout
                0x80003de4       0x44 /tmp/ccx0vhc6.o
                0x80003de4                rt_thread_timeout
 .text.rt_thread_exit
                0x80003e28       0xdc /tmp/ccx0vhc6.o
                0x80003e28                rt_thread_exit
 .text.rt_thread_init
                0x80003f04      0x10c /tmp/ccx0vhc6.o
                0x80003f04                rt_thread_init
 .text.rt_thread_self
                0x80004010        0xc /tmp/ccx0vhc6.o
                0x80004010                rt_thread_self
 .text.rt_thread_startup
                0x8000401c       0xa8 /tmp/ccx0vhc6.o
                0x8000401c                rt_thread_startup
 .text.rt_thread_yield
                0x800040c4       0xb0 /tmp/ccx0vhc6.o
                0x800040c4                rt_thread_yield
 .text.rt_thread_mdelay
                0x80004174       0xf4 /tmp/ccx0vhc6.o
                0x80004174                rt_thread_mdelay
 .text.rt_timer_init
                0x80004268       0x74 /tmp/ccS0q8Qs.o
                0x80004268                rt_timer_init
 .text.rt_timer_detach
                0x800042dc       0x68 /tmp/ccS0q8Qs.o
                0x800042dc                rt_timer_detach
 .text.rt_timer_start
                0x80004344       0xfc /tmp/ccS0q8Qs.o
                0x80004344                rt_timer_start
 .text.rt_timer_stop
                0x80004440       0x70 /tmp/ccS0q8Qs.o
                0x80004440                rt_timer_stop
 .text.rt_timer_control
                0x800044b0      0x100 /tmp/ccS0q8Qs.o
                0x800044b0                rt_timer_control
 .text.rt_timer_check
                0x800045b0      0x14c /tmp/ccS0q8Qs.o
                0x800045b0                rt_timer_check
 .text.rt_system_timer_init
                0x800046fc       0x14 /tmp/ccS0q8Qs.o
                0x800046fc                rt_system_timer_init
 .text.rt_system_timer_thread_init
                0x80004710        0x4 /tmp/ccS0q8Qs.o
                0x80004710                rt_system_timer_thread_init
 .text.init     0x80004714       0x20 /tmp/ccci8WEH.o
                0x80004714                init
 .text.trap_handler
                0x80004734      0x170 /tmp/cctGfDD0.o
                0x80004734                trap_handler
 .text.timer1_handler
                0x800048a4       0x40 /tmp/ccVsZEb0.o
                0x800048a4                timer1_handler
 .text.cmp_complex
                0x800048e4      0x274 /tmp/cct6D3aw.o
                0x800048e4                cmp_complex
 .text.core_bench_list
                0x80004b58      0x5b8 /tmp/cct6D3aw.o
                0x80004b58                core_bench_list
 .text.core_list_init
                0x80005110      0x2dc /tmp/cct6D3aw.o
                0x80005110                core_list_init
 .text.ext_exec_coremark
                0x800053ec      0x8ec /tmp/ccdZRB6l.o
                0x800053ec                ext_exec_coremark
 .text.matrix_test
                0x80005cd8      0x554 /tmp/ccxXDF86.o
                0x80005cd8                matrix_test
 .text.core_bench_matrix
                0x8000622c       0x44 /tmp/ccxXDF86.o
                0x8000622c                core_bench_matrix
 .text.core_init_matrix
                0x80006270      0x11c /tmp/ccxXDF86.o
                0x80006270                core_init_matrix
 .text.start_time
                0x8000638c       0x28 /tmp/ccQw0EXv.o
                0x8000638c                start_time
 .text.stop_time
                0x800063b4       0x28 /tmp/ccQw0EXv.o
                0x800063b4                stop_time
 .text.get_time
                0x800063dc       0x2c /tmp/ccQw0EXv.o
                0x800063dc                get_time
 .text.time_in_secs
                0x80006408       0x24 /tmp/ccQw0EXv.o
                0x80006408                time_in_secs
 .text.portable_init
                0x8000642c        0x4 /tmp/ccQw0EXv.o
                0x8000642c                portable_init
 .text.core_init_state
                0x80006430      0x228 /tmp/ccOoqePj.o
                0x80006430                core_init_state
 .text.core_state_transition
                0x80006658      0x2e8 /tmp/ccOoqePj.o
                0x80006658                core_state_transition
 .text.core_bench_state
                0x80006940      0x224 /tmp/ccOoqePj.o
                0x80006940                core_bench_state
 .text.get_seed_32
                0x80006b64       0x64 /tmp/cc13kmM7.o
                0x80006b64                get_seed_32
 .text.crcu16   0x80006bc8      0x228 /tmp/cc13kmM7.o
                0x80006bc8                crcu16
 .text.crcu32   0x80006df0      0x420 /tmp/cc13kmM7.o
                0x80006df0                crcu32
 .text.crc16    0x80007210      0x22c /tmp/cc13kmM7.o
                0x80007210                crc16
 .text.check_data_types
                0x8000743c        0x8 /tmp/cc13kmM7.o
                0x8000743c                check_data_types
 .text.strncmp  0x80007444       0xa4 /opt/riscv32im_zicsr/lib/gcc/riscv32-unknown-elf/15.2.0/../../../../riscv32-unknown-elf/lib/libc.a(libc_a-strncmp.o)
                0x80007444                strncmp
 .text          0x800074e8       0xdc /opt/riscv32im_zicsr/lib/gcc/riscv32-unknown-elf/15.2.0/../../../../riscv32-unknown-elf/lib/libc.a(libc_a-memset.o)
                0x800074e8                memset
 .text.strlen   0x800075c4       0x8c /opt/riscv32im_zicsr/lib/gcc/riscv32-unknown-elf/15.2.0/../../../../riscv32-unknown-elf/lib/libc.a(libc_a-strlen.o)
                0x800075c4                strlen
 *(.gnu.linkonce.t.*)

.srodata.__fsym_list_name
                0x80007650        0x5
 .srodata.__fsym_list_name
                0x80007650        0x5 /tmp/cc7GpBKg.o
                0x80007650                __fsym_list_name

.srodata.__fsym_version_name
                0x80007658        0x8
 .srodata.__fsym_version_name
                0x80007658        0x8 /tmp/cc7GpBKg.o
                0x80007658                __fsym_version_name

.srodata.__fsym_hello_name
                0x80007660        0x6
 .srodata.__fsym_hello_name
                0x80007660        0x6 /tmp/cc7GpBKg.o
                0x80007660                __fsym_hello_name

.rela.dyn       0x80007668        0x0
 .rela.init     0x80007668        0x0 /tmp/ccuDHk0Z.o
 .rela.text.finsh_system_init
                0x80007668        0x0 /tmp/ccuDHk0Z.o

.data           0x80007668     0x1020
                0x80007668                        __data_lma = LOADADDR (.data)
                0x80007668                        __data_start = .
                0x80007668                        . = ALIGN (0x4)
                0x80007668                        __rt_init_start = .
 *(SORT_BY_NAME(.rti_fn*))
 .rti_fn.0      0x80007668        0x4 /tmp/cceg3tpG.o
                0x80007668                __rt_init_rti_start
 .rti_fn.0.end  0x8000766c        0x4 /tmp/cceg3tpG.o
                0x8000766c                __rt_init_rti_board_start
 .rti_fn.1      0x80007670        0x4 /tmp/ccmdfTm4.o
                0x80007670                __rt_init_uart_init
 .rti_fn.1.end  0x80007674        0x4 /tmp/cceg3tpG.o
                0x80007674                __rt_init_rti_board_end
 .rti_fn.6      0x80007678        0x4 /tmp/ccpme1fq.o
                0x80007678                __rt_init_finsh_system_init
 .rti_fn.6.end  0x8000767c        0x4 /tmp/cceg3tpG.o
                0x8000767c                __rt_init_rti_end
                0x80007680                        __rt_init_end = .
 *(.rdata)
 *(.rodata .rodata.*)
 .rodata.hello.str1.4
                0x80007680      0x9a5 /tmp/cc7GpBKg.o
                                 0x12 (松开之前的大小)
 .rodata.simple_add.str1.4
                0x80008025        0x0 /tmp/cc7GpBKg.o
                                 0x15 (松开之前的大小)
 .rodata.list_thread.str1.4
                0x80008025        0x0 /tmp/cc7GpBKg.o
                                0x100 (松开之前的大小)
 *fill*         0x80008025        0x3 
 .rodata.list_thread
                0x80008028       0x14 /tmp/cc7GpBKg.o
 .rodata.list.str1.4
                0x8000803c        0x0 /tmp/cc7GpBKg.o
                                 0x18 (松开之前的大小)
 .rodata.list_timer.str1.4
                0x8000803c        0x0 /tmp/cc7GpBKg.o
                                 0x9d (松开之前的大小)
 .rodata.list_sem.str1.4
                0x8000803c        0x0 /tmp/cc7GpBKg.o
                                 0x6c (松开之前的大小)
 .rodata.list_mailbox.str1.4
                0x8000803c        0x0 /tmp/cc7GpBKg.o
                                 0x76 (松开之前的大小)
 .rodata.__fsym___cmd_list_timer_name
                0x8000803c       0x11 /tmp/cc7GpBKg.o
                0x8000803c                __fsym___cmd_list_timer_name
 *fill*         0x8000804d        0x3 
 .rodata.__fsym_list_timer_name
                0x80008050        0xb /tmp/cc7GpBKg.o
                0x80008050                __fsym_list_timer_name
 *fill*         0x8000805b        0x1 
 .rodata.__fsym___cmd_list_mailbox_name
                0x8000805c       0x13 /tmp/cc7GpBKg.o
                0x8000805c                __fsym___cmd_list_mailbox_name
 *fill*         0x8000806f        0x1 
 .rodata.__fsym_list_mailbox_name
                0x80008070        0xd /tmp/cc7GpBKg.o
                0x80008070                __fsym_list_mailbox_name
 *fill*         0x8000807d        0x3 
 .rodata.__fsym___cmd_list_sem_name
                0x80008080        0xf /tmp/cc7GpBKg.o
                0x80008080                __fsym___cmd_list_sem_name
 *fill*         0x8000808f        0x1 
 .rodata.__fsym_list_sem_name
                0x80008090        0x9 /tmp/cc7GpBKg.o
                0x80008090                __fsym_list_sem_name
 *fill*         0x80008099        0x3 
 .rodata.__fsym___cmd_list_thread_name
                0x8000809c       0x12 /tmp/cc7GpBKg.o
                0x8000809c                __fsym___cmd_list_thread_name
 *fill*         0x800080ae        0x2 
 .rodata.__fsym_list_thread_name
                0x800080b0        0xc /tmp/cc7GpBKg.o
                0x800080b0                __fsym_list_thread_name
 .rodata.__fsym___cmd_simple_add_name
                0x800080bc       0x11 /tmp/cc7GpBKg.o
                0x800080bc                __fsym___cmd_simple_add_name
 *fill*         0x800080cd        0x3 
 .rodata.__fsym_simple_add_name
                0x800080d0        0xb /tmp/cc7GpBKg.o
                0x800080d0                __fsym_simple_add_name
 *fill*         0x800080db        0x1 
 .rodata.__fsym___cmd_exec_coremark_name
                0x800080dc       0x14 /tmp/cc7GpBKg.o
                0x800080dc                __fsym___cmd_exec_coremark_name
 .rodata.__fsym_exec_coremark_name
                0x800080f0        0xe /tmp/cc7GpBKg.o
                0x800080f0                __fsym_exec_coremark_name
 *fill*         0x800080fe        0x2 
 .rodata.__fsym___cmd_version_name
                0x80008100        0xe /tmp/cc7GpBKg.o
                0x80008100                __fsym___cmd_version_name
 .rodata.msh_help.str1.4
                0x8000810e        0x0 /tmp/ccAAVqjz.o
                                 0x2c (松开之前的大小)
 .rodata.msh_exec.str1.4
                0x8000810e        0x0 /tmp/ccAAVqjz.o
                                 0x38 (松开之前的大小)
 .rodata.msh_auto_complete.str1.4
                0x8000810e        0x0 /tmp/ccAAVqjz.o
                                  0x4 (松开之前的大小)
 *fill*         0x8000810e        0x2 
 .rodata.__fsym___cmd_ps_name
                0x80008110        0x9 /tmp/ccAAVqjz.o
                0x80008110                __fsym___cmd_ps_name
 *fill*         0x80008119        0x3 
 .rodata.__fsym___cmd_help_name
                0x8000811c        0xb /tmp/ccAAVqjz.o
                0x8000811c                __fsym___cmd_help_name
 .rodata.finsh_system_init.str1.4
                0x80008127        0x0 /tmp/ccpme1fq.o
                                  0xd (松开之前的大小)
 .rodata.finsh_thread_entry.str1.4
                0x80008127        0x0 /tmp/ccpme1fq.o
                                 0x23 (松开之前的大小)
 *fill*         0x80008127        0x1 
 .rodata.finsh_thread_entry
                0x80008128       0x38 /tmp/ccpme1fq.o
 .rodata.rt_application_init.str1.4
                0x80008160        0x0 /tmp/cceg3tpG.o
                                  0x5 (松开之前的大小)
 .rodata.rtthread_startup.str1.4
                0x80008160        0x0 /tmp/cceg3tpG.o
                                 0x5d (松开之前的大小)
 .rodata.rt_thread_idle_init.str1.4
                0x80008160        0x0 /tmp/ccx2A9no.o
                                  0x6 (松开之前的大小)
 .rodata.rt_vsnprintf.str1.4
                0x80008160        0x0 /tmp/ccjIiruj.o
                                  0x7 (松开之前的大小)
 .rodata.rt_vsnprintf
                0x80008160      0x14c /tmp/ccjIiruj.o
 .rodata.rt_show_version.str1.4
                0x800082ac        0x0 /tmp/ccjIiruj.o
                                 0x86 (松开之前的大小)
 .rodata.small_digits.1
                0x800082ac       0x11 /tmp/ccjIiruj.o
 *fill*         0x800082bd        0x3 
 .rodata.large_digits.2
                0x800082c0       0x11 /tmp/ccjIiruj.o
 *fill*         0x800082d1        0x3 
 .rodata.__lowest_bit_bitmap
                0x800082d4      0x100 /tmp/ccjIiruj.o
                0x800082d4                __lowest_bit_bitmap
 .rodata.rt_timer_control
                0x800083d4       0x14 /tmp/ccS0q8Qs.o
 .rodata.trap_handler.str1.4
                0x800083e8        0x0 /tmp/cctGfDD0.o
                                 0x87 (松开之前的大小)
 .rodata.ext_exec_coremark.str1.4
                0x800083e8        0x0 /tmp/ccdZRB6l.o
                                0x419 (松开之前的大小)
 .rodata.str1.4
                0x800083e8        0x0 /tmp/ccOoqePj.o
                                 0xad (松开之前的大小)
 .rodata.errpat
                0x800083e8       0x10 /tmp/ccOoqePj.o
 .rodata.scipat
                0x800083f8       0x10 /tmp/ccOoqePj.o
 .rodata.floatpat
                0x80008408       0x10 /tmp/ccOoqePj.o
 .rodata.intpat
                0x80008418       0x10 /tmp/ccOoqePj.o
 .rodata.get_seed_32
                0x80008428       0x18 /tmp/cc13kmM7.o
 .rodata        0x80008440      0x200 /tmp/cc13kmM7.o
 *(.gnu.linkonce.r.*)
 *(.data .data.*)
 .data.rt_object_container
                0x80008640       0x40 /tmp/cc1Ex3U2.o
 *(.gnu.linkonce.d.*)
 *(.sdata .sdata.*)
 .sdata.seed4_volatile
                0x80008680        0x4 /tmp/ccQw0EXv.o
                0x80008680                seed4_volatile
 .sdata.seed3_volatile
                0x80008684        0x4 /tmp/ccQw0EXv.o
                0x80008684                seed3_volatile
 *(.sdata*)
 *(.gnu.linkonce.s.*)
                0x80008688                        . = ALIGN (0x4)
                0x80008688                        __data_end = .

.bss            0x80008688     0x2068
                0x80008688                        __bss_start = .
 *(.sbss .sbss.*)
 .sbss.shell    0x80008688        0x4 /tmp/ccpme1fq.o
                0x80008688                shell
 .sbss._sysvar_table_end
                0x8000868c        0x4 /tmp/ccpme1fq.o
                0x8000868c                _sysvar_table_end
 .sbss._sysvar_table_begin
                0x80008690        0x4 /tmp/ccpme1fq.o
                0x80008690                _sysvar_table_begin
 .sbss._syscall_table_end
                0x80008694        0x4 /tmp/ccpme1fq.o
                0x80008694                _syscall_table_end
 .sbss._syscall_table_begin
                0x80008698        0x4 /tmp/ccpme1fq.o
                0x80008698                _syscall_table_begin
 .sbss.rt_thread_switch_interrupt_flag
                0x8000869c        0x4 /tmp/ccskPgEJ.o
                0x8000869c                rt_thread_switch_interrupt_flag
 .sbss.rt_interrupt_to_thread
                0x800086a0        0x4 /tmp/ccskPgEJ.o
                0x800086a0                rt_interrupt_to_thread
 .sbss.rt_interrupt_from_thread
                0x800086a4        0x4 /tmp/ccskPgEJ.o
                0x800086a4                rt_interrupt_from_thread
 .sbss.rt_tick  0x800086a8        0x4 /tmp/cczrvBWc.o
 .sbss.rt_interrupt_nest
                0x800086ac        0x1 /tmp/ccDoNf3r.o
                0x800086ac                rt_interrupt_nest
 *fill*         0x800086ad        0x3 
 .sbss.rt_thread_defunct
                0x800086b0        0x8 /tmp/cc4fKSG4.o
                0x800086b0                rt_thread_defunct
 .sbss.rt_current_priority
                0x800086b8        0x1 /tmp/cc4fKSG4.o
                0x800086b8                rt_current_priority
 *fill*         0x800086b9        0x3 
 .sbss.rt_current_thread
                0x800086bc        0x4 /tmp/cc4fKSG4.o
                0x800086bc                rt_current_thread
 .sbss.rt_scheduler_lock_nest
                0x800086c0        0x2 /tmp/cc4fKSG4.o
 *fill*         0x800086c2        0x2 
 .sbss.rt_thread_ready_priority_group
                0x800086c4        0x4 /tmp/cc4fKSG4.o
                0x800086c4                rt_thread_ready_priority_group
 .sbss.random_nr.0
                0x800086c8        0x4 /tmp/ccS0q8Qs.o
 .sbss.rt_timer_list
                0x800086cc        0x8 /tmp/ccS0q8Qs.o
 .sbss.count    0x800086d4        0x4 /tmp/cctGfDD0.o
                0x800086d4                count
 .sbss.t1       0x800086d8        0x8 /tmp/ccQw0EXv.o
 .sbss.t0       0x800086e0        0x8 /tmp/ccQw0EXv.o
 .sbss.seed5_volatile
                0x800086e8        0x4 /tmp/ccQw0EXv.o
                0x800086e8                seed5_volatile
 .sbss.seed2_volatile
                0x800086ec        0x4 /tmp/ccQw0EXv.o
                0x800086ec                seed2_volatile
 .sbss.seed1_volatile
                0x800086f0        0x4 /tmp/ccQw0EXv.o
                0x800086f0                seed1_volatile
 *(.gnu.linkonce.sb.*)
 *(.bss .bss.*)
 .bss.finsh_prompt.0
                0x800086f4       0x81 /tmp/ccpme1fq.o
 *fill*         0x80008775        0x3 
 .bss._shell    0x80008778       0x7c /tmp/ccpme1fq.o
                0x80008778                _shell
 .bss.finsh_thread_stack
                0x800087f4     0x1000 /tmp/ccpme1fq.o
 .bss.finsh_thread
                0x800097f4       0x78 /tmp/ccpme1fq.o
 .bss.main_thread
                0x8000986c       0x78 /tmp/cceg3tpG.o
                0x8000986c                main_thread
 *fill*         0x800098e4        0x4 
 .bss.main_stack
                0x800098e8      0x400 /tmp/cceg3tpG.o
 .bss.rt_thread_stack
                0x80009ce8      0x100 /tmp/ccx2A9no.o
 .bss.idle      0x80009de8       0x78 /tmp/ccx2A9no.o
 .bss.rt_log_buf.0
                0x80009e60       0x80 /tmp/ccjIiruj.o
 .bss.rt_thread_priority_table
                0x80009ee0       0x40 /tmp/cc4fKSG4.o
                0x80009ee0                rt_thread_priority_table
 .bss.static_memblk
                0x80009f20      0x7d0 /tmp/ccdZRB6l.o
                0x80009f20                static_memblk
 *(.gnu.linkonce.b.*)
 *(COMMON)
                0x8000a6f0                        . = ALIGN (0x4)
                0x8000a6f0                        __bss_end = .
                0x8000a6f0                        __end = .

.stack          0x80010000        0x0
                0x80010000                        __stack_top = .

.intr_stack     0x8000a6f0      0x400
                0x8000a6f0                        . = ALIGN (0x4)
                0x8000a6f0                        __intr_stack_bottom = .
                0x8000aaf0                        . = (. + 0x400)
 *fill*         0x8000a6f0      0x400 
                0x8000aaf0                        __intr_stack_top = .
OUTPUT(riscv.elf elf32-littleriscv)

.riscv.attributes
                0x00000000       0x37
 .riscv.attributes
                0x00000000       0x35 /tmp/ccuDHk0Z.o
 .riscv.attributes
                0x00000035       0x35 /tmp/cc6gFsLK.o
 .riscv.attributes
                0x0000006a       0x35 /tmp/cc7c26Xr.o
 .riscv.attributes
                0x0000009f       0x37 /tmp/ccdnnADJ.o
 .riscv.attributes
                0x000000d6       0x33 /tmp/ccJCpZ2G.o
 .riscv.attributes
                0x00000109       0x33 /tmp/ccAwuLOK.o
 .riscv.attributes
                0x0000013c       0x33 /tmp/cc7AaDK7.o
 .riscv.attributes
                0x0000016f       0x33 /tmp/ccmdfTm4.o
 .riscv.attributes
                0x000001a2       0x33 /tmp/cc7GpBKg.o
 .riscv.attributes
                0x000001d5       0x33 /tmp/ccDFyvQn.o
 .riscv.attributes
                0x00000208       0x33 /tmp/ccAAVqjz.o
 .riscv.attributes
                0x0000023b       0x33 /tmp/ccpme1fq.o
 .riscv.attributes
                0x0000026e       0x33 /tmp/ccskPgEJ.o
 .riscv.attributes
                0x000002a1       0x33 /tmp/cczrvBWc.o
 .riscv.attributes
                0x000002d4       0x33 /tmp/cceg3tpG.o
 .riscv.attributes
                0x00000307       0x33 /tmp/ccx2A9no.o
 .riscv.attributes
                0x0000033a       0x33 /tmp/ccrFtFKX.o
 .riscv.attributes
                0x0000036d       0x33 /tmp/ccDoNf3r.o
 .riscv.attributes
                0x000003a0       0x33 /tmp/ccjIiruj.o
 .riscv.attributes
                0x000003d3       0x33 /tmp/cc1Ex3U2.o
 .riscv.attributes
                0x00000406       0x33 /tmp/cc4fKSG4.o
 .riscv.attributes
                0x00000439       0x33 /tmp/ccx0vhc6.o
 .riscv.attributes
                0x0000046c       0x33 /tmp/ccS0q8Qs.o
 .riscv.attributes
                0x0000049f       0x37 /tmp/ccci8WEH.o
 .riscv.attributes
                0x000004d6       0x37 /tmp/cctGfDD0.o
 .riscv.attributes
                0x0000050d       0x33 /tmp/ccVsZEb0.o
 .riscv.attributes
                0x00000540       0x33 /tmp/cct6D3aw.o
 .riscv.attributes
                0x00000573       0x33 /tmp/ccdZRB6l.o
 .riscv.attributes
                0x000005a6       0x33 /tmp/ccxXDF86.o
 .riscv.attributes
                0x000005d9       0x33 /tmp/ccQw0EXv.o
 .riscv.attributes
                0x0000060c       0x33 /tmp/ccOoqePj.o
 .riscv.attributes
                0x0000063f       0x33 /tmp/cc13kmM7.o
 .riscv.attributes
                0x00000672       0x33 /opt/riscv32im_zicsr/lib/gcc/riscv32-unknown-elf/15.2.0/../../../../riscv32-unknown-elf/lib/libc.a(libc_a-strncmp.o)
 .riscv.attributes
                0x000006a5       0x31 /opt/riscv32im_zicsr/lib/gcc/riscv32-unknown-elf/15.2.0/../../../../riscv32-unknown-elf/lib/libc.a(libc_a-memset.o)
 .riscv.attributes
                0x000006d6       0x33 /opt/riscv32im_zicsr/lib/gcc/riscv32-unknown-elf/15.2.0/../../../../riscv32-unknown-elf/lib/libc.a(libc_a-strlen.o)

.comment        0x00000000       0x2b
 .comment       0x00000000       0x2b /tmp/ccdnnADJ.o
                                 0x1a (松开之前的大小)
 .comment       0x0000002b        0x0 /tmp/ccJCpZ2G.o
                                 0x1a (松开之前的大小)
 .comment       0x0000002b        0x0 /tmp/ccAwuLOK.o
                                 0x1a (松开之前的大小)
 .comment       0x0000002b        0x0 /tmp/cc7AaDK7.o
                                 0x1a (松开之前的大小)
 .comment       0x0000002b        0x0 /tmp/ccmdfTm4.o
                                 0x1a (松开之前的大小)
 .comment       0x0000002b        0x0 /tmp/cc7GpBKg.o
                                 0x1a (松开之前的大小)
 .comment       0x0000002b        0x0 /tmp/ccDFyvQn.o
                                 0x1a (松开之前的大小)
 .comment       0x0000002b        0x0 /tmp/ccAAVqjz.o
                                 0x1a (松开之前的大小)
 .comment       0x0000002b        0x0 /tmp/ccpme1fq.o
                                 0x1a (松开之前的大小)
 .comment       0x0000002b        0x0 /tmp/ccskPgEJ.o
                                 0x1a (松开之前的大小)
 .comment       0x0000002b        0x0 /tmp/cczrvBWc.o
                                 0x1a (松开之前的大小)
 .comment       0x0000002b        0x0 /tmp/cceg3tpG.o
                                 0x1a (松开之前的大小)
 .comment       0x0000002b        0x0 /tmp/ccx2A9no.o
                                 0x1a (松开之前的大小)
 .comment       0x0000002b        0x0 /tmp/ccrFtFKX.o
                                 0x1a (松开之前的大小)
 .comment       0x0000002b        0x0 /tmp/ccDoNf3r.o
                                 0x1a (松开之前的大小)
 .comment       0x0000002b        0x0 /tmp/ccjIiruj.o
                                 0x1a (松开之前的大小)
 .comment       0x0000002b        0x0 /tmp/cc1Ex3U2.o
                                 0x1a (松开之前的大小)
 .comment       0x0000002b        0x0 /tmp/cc4fKSG4.o
                                 0x1a (松开之前的大小)
 .comment       0x0000002b        0x0 /tmp/ccx0vhc6.o
                                 0x1a (松开之前的大小)
 .comment       0x0000002b        0x0 /tmp/ccS0q8Qs.o
                                 0x1a (松开之前的大小)
 .comment       0x0000002b        0x0 /tmp/ccci8WEH.o
                                 0x1a (松开之前的大小)
 .comment       0x0000002b        0x0 /tmp/cctGfDD0.o
                                 0x1a (松开之前的大小)
 .comment       0x0000002b        0x0 /tmp/ccVsZEb0.o
                                 0x1a (松开之前的大小)
 .comment       0x0000002b        0x0 /tmp/cct6D3aw.o
                                 0x1a (松开之前的大小)
 .comment       0x0000002b        0x0 /tmp/ccdZRB6l.o
                                 0x1a (松开之前的大小)
 .comment       0x0000002b        0x0 /tmp/ccxXDF86.o
                                 0x1a (松开之前的大小)
 .comment       0x0000002b        0x0 /tmp/ccQw0EXv.o
                                 0x1a (松开之前的大小)
 .comment       0x0000002b        0x0 /tmp/ccOoqePj.o
                                 0x1a (松开之前的大小)
 .comment       0x0000002b        0x0 /tmp/cc13kmM7.o
                                 0x1a (松开之前的大小)
 .comment       0x0000002b        0x0 /opt/riscv32im_zicsr/lib/gcc/riscv32-unknown-elf/15.2.0/../../../../riscv32-unknown-elf/lib/libc.a(libc_a-strncmp.o)
                                 0x13 (松开之前的大小)
 .comment       0x0000002b        0x0 /opt/riscv32im_zicsr/lib/gcc/riscv32-unknown-elf/15.2.0/../../../../riscv32-unknown-elf/lib/libc.a(libc_a-strlen.o)
                                 0x13 (松开之前的大小)

.note.GNU-stack
                0x00000000        0x0
 .note.GNU-stack
                0x00000000        0x0 /tmp/ccdnnADJ.o
 .note.GNU-stack
                0x00000000        0x0 /tmp/ccJCpZ2G.o
 .note.GNU-stack
                0x00000000        0x0 /tmp/ccAwuLOK.o
 .note.GNU-stack
                0x00000000        0x0 /tmp/cc7AaDK7.o
 .note.GNU-stack
                0x00000000        0x0 /tmp/ccmdfTm4.o
 .note.GNU-stack
                0x00000000        0x0 /tmp/cc7GpBKg.o
 .note.GNU-stack
                0x00000000        0x0 /tmp/ccDFyvQn.o
 .note.GNU-stack
                0x00000000        0x0 /tmp/ccAAVqjz.o
 .note.GNU-stack
                0x00000000        0x0 /tmp/ccpme1fq.o
 .note.GNU-stack
                0x00000000        0x0 /tmp/ccskPgEJ.o
 .note.GNU-stack
                0x00000000        0x0 /tmp/cczrvBWc.o
 .note.GNU-stack
                0x00000000        0x0 /tmp/cceg3tpG.o
 .note.GNU-stack
                0x00000000        0x0 /tmp/ccx2A9no.o
 .note.GNU-stack
                0x00000000        0x0 /tmp/ccrFtFKX.o
 .note.GNU-stack
                0x00000000        0x0 /tmp/ccDoNf3r.o
 .note.GNU-stack
                0x00000000        0x0 /tmp/ccjIiruj.o
 .note.GNU-stack
                0x00000000        0x0 /tmp/cc1Ex3U2.o
 .note.GNU-stack
                0x00000000        0x0 /tmp/cc4fKSG4.o
 .note.GNU-stack
                0x00000000        0x0 /tmp/ccx0vhc6.o
 .note.GNU-stack
                0x00000000        0x0 /tmp/ccS0q8Qs.o
 .note.GNU-stack
                0x00000000        0x0 /tmp/ccci8WEH.o
 .note.GNU-stack
                0x00000000        0x0 /tmp/cctGfDD0.o
 .note.GNU-stack
                0x00000000        0x0 /tmp/ccVsZEb0.o
 .note.GNU-stack
                0x00000000        0x0 /tmp/cct6D3aw.o
 .note.GNU-stack
                0x00000000        0x0 /tmp/ccdZRB6l.o
 .note.GNU-stack
                0x00000000        0x0 /tmp/ccxXDF86.o
 .note.GNU-stack
                0x00000000        0x0 /tmp/ccQw0EXv.o
 .note.GNU-stack
                0x00000000        0x0 /tmp/ccOoqePj.o
 .note.GNU-stack
                0x00000000        0x0 /tmp/cc13kmM7.o
 .note.GNU-stack
                0x00000000        0x0 /opt/riscv32im_zicsr/lib/gcc/riscv32-unknown-elf/15.2.0/../../../../riscv32-unknown-elf/lib/libc.a(libc_a-strncmp.o)
 .note.GNU-stack
                0x00000000        0x0 /opt/riscv32im_zicsr/lib/gcc/riscv32-unknown-elf/15.2.0/../../../../riscv32-unknown-elf/lib/libc.a(libc_a-strlen.o)
